<!DOCTYPE HTML PUBLIC "-//W3C//DTD HTML 4.01 Transitional//EN">
<HTML>
 <HEAD>
   <TITLE> [Socketcan-users] socket can compilation failed
   </TITLE>
   <LINK REL="Index" HREF="http://lists.berlios.de/pipermail/socketcan-users/2013-May/index.html" >
   <LINK REL="made" HREF="mailto:socketcan-users%40lists.berlios.de?Subject=Re%3A%20%5BSocketcan-users%5D%20socket%20can%20compilation%20failed&In-Reply-To=%3CCANdmM3N21Z2iNjMSyoKpt9_i3-n-SjODangdN4Th47EdW4QcvA%40mail.gmail.com%3E">
   <META NAME="robots" CONTENT="index,nofollow">
   <style type="text/css">
       pre {
           white-space: pre-wrap;       /* css-2.1, curent FF, Opera, Safari */
           }
   </style>
   <META http-equiv="Content-Type" content="text/html; charset=us-ascii">
   
   <LINK REL="Next"  HREF="002408.html">
 </HEAD>
 <BODY BGCOLOR="#ffffff">
   <H1>[Socketcan-users] socket can compilation failed</H1>
    <B>kedari appana</B> 
    <A HREF="mailto:socketcan-users%40lists.berlios.de?Subject=Re%3A%20%5BSocketcan-users%5D%20socket%20can%20compilation%20failed&In-Reply-To=%3CCANdmM3N21Z2iNjMSyoKpt9_i3-n-SjODangdN4Th47EdW4QcvA%40mail.gmail.com%3E"
       TITLE="[Socketcan-users] socket can compilation failed">kedare06 at gmail.com
       </A><BR>
    <I>Wed May  1 12:26:16 CEST 2013</I>
    <P><UL>
        
        <LI>Next message: <A HREF="002408.html">[Socketcan-users] socketcan
</A></li>
         <LI> <B>Messages sorted by:</B> 
              <a href="date.html#2407">[ date ]</a>
              <a href="thread.html#2407">[ thread ]</a>
              <a href="subject.html#2407">[ subject ]</a>
              <a href="author.html#2407">[ author ]</a>
         </LI>
       </UL>
    <HR>  
<!--beginarticle-->
<PRE>Hi ,

  I try to compile my sokcet can i am getting the kernel panic am i need to
apply  any patch to it.Please tell me the solution to it.
I forwarded the error in the attachment

Waiting for your response.

Regards,
Kedar
-------------- next part --------------
An HTML attachment was scrubbed...
URL: &lt;<A HREF="https://lists.berlios.de/pipermail/socketcan-users/attachments/20130501/86342f7f/attachment.html">https://lists.berlios.de/pipermail/socketcan-users/attachments/20130501/86342f7f/attachment.html</A>&gt;
-------------- next part --------------
Uncompressing Linux... done, booting the kernel.
Booting Linux on physical CPU 0
Linux version 3.6.0-xilinx (<A HREF="https://lists.berlios.de/mailman/listinfo/socketcan-users">appanad at xhdspdgnu</A>) (gcc version 4.5.2 (Sourcery Code                                                                                        Bench Lite 2011.07-57) ) #4 PREEMPT Wed May 1 15:18:25 IST 2013
CPU: ARMv7 Processor [413fc090] revision 0 (ARMv7), cr=18c5387d
CPU: PIPT / VIPT nonaliasing data cache, VIPT aliasing instruction cache
Machine: Xilinx Zynq Platform, model: Xilinx Zynq
bootconsole [earlycon0] enabled
cma: CMA: reserved 16 MiB at 2e800000
Memory policy: ECC disabled, Data cache writeback
Built 1 zonelists in Zone order, mobility grouping on.  Total pages: 260096
Kernel command line: console=ttyPS0,115200n8 root=/dev/ram rw initrd=0x00800000,                                                                                        16M earlyprintk mtdparts=physmap-flash.0:512K(nor-fsbl),512K(nor-u-boot),5M(nor-                                                                                        linux),9M(nor-user),1M(nor-scratch),-(nor-rootfs)
PID hash table entries: 4096 (order: 2, 16384 bytes)
Dentry cache hash table entries: 131072 (order: 7, 524288 bytes)
Inode-cache hash table entries: 65536 (order: 6, 262144 bytes)
Memory: 1024MB = 1024MB total
Memory: 1013032k/1013032k available, 35544k reserved, 270336K highmem
Virtual kernel memory layout:
    vector  : 0xffff0000 - 0xffff1000   (   4 kB)
    fixmap  : 0xfff00000 - 0xfffe0000   ( 896 kB)
    vmalloc : 0xf0000000 - 0xff000000   ( 240 MB)
    lowmem  : 0xc0000000 - 0xef800000   ( 760 MB)
    pkmap   : 0xbfe00000 - 0xc0000000   (   2 MB)
    modules : 0xbf000000 - 0xbfe00000   (  14 MB)
      .text : 0xc0008000 - 0xc04f105c   (5029 kB)
      .init : 0xc04f2000 - 0xc0513564   ( 134 kB)
      .data : 0xc0514000 - 0xc05581d0   ( 273 kB)
       .bss : 0xc05581f4 - 0xc057d67c   ( 150 kB)
NR_IRQS:512
Zynq clock init
xlnx,ps7-ttc-1.00.a #0 at 0xf0000000, irq=43
sched_clock: 32 bits at 100 Hz, resolution 10000000ns, wraps every 4294967286ms
Console: colour dummy device 80x30
Calibrating delay loop... 666.41 BogoMIPS (lpj=3332096)
pid_max: default: 32768 minimum: 301
Mount-cache hash table entries: 512
CPU: Testing write buffer coherency: ok
hw perfevents: enabled with ARMv7 Cortex-A9 PMU driver, 7 counters available
Setting up static identity map for 0x39cca0 - 0x39ccd4
L310 cache controller enabled
l2x0: 8 ways, CACHE_ID 0x410000c8, AUX_CTRL 0x72360000, Cache size: 524288 B
devtmpfs: initialized
NET: Registered protocol family 16
DMA: preallocated 256 KiB pool for atomic coherent allocations
xgpiops e000a000.ps7-gpio: gpio at 0xe000a000 mapped to 0xf0008000
registering platform device 'pl330' id 0
registering platform device 'arm-pmu' id 0
registering platform device 'zynq-dvfs' id 0
------------[ cut here ]------------
WARNING: at arch/arm/kernel/hw_breakpoint.c:240 enable_monitor_mode+0x30/0xb0()
halting debug mode enabled. Unable to access hardware resources.
Modules linked in:
[&lt;c0013250&gt;] (unwind_backtrace+0x0/0x11c) from [&lt;c0020664&gt;] (warn_slowpath_commo                                                                                        n+0x4c/0x64)
[&lt;c0020664&gt;] (warn_slowpath_common+0x4c/0x64) from [&lt;c00206fc&gt;] (warn_slowpath_f                                                                                        mt+0x2c/0x3c)
[&lt;c00206fc&gt;] (warn_slowpath_fmt+0x2c/0x3c) from [&lt;c001406c&gt;] (enable_monitor_mod                                                                                        e+0x30/0xb0)
[&lt;c001406c&gt;] (enable_monitor_mode+0x30/0xb0) from [&lt;c0014150&gt;] (reset_ctrl_regs+                                                                                        0x64/0x104)
[&lt;c0014150&gt;] (reset_ctrl_regs+0x64/0x104) from [&lt;c04f52f8&gt;] (arch_hw_breakpoint_                                                                                        init+0x54/0x1bc)
[&lt;c04f52f8&gt;] (arch_hw_breakpoint_init+0x54/0x1bc) from [&lt;c00086fc&gt;] (do_one_init                                                                                        call+0x94/0x164)
[&lt;c00086fc&gt;] (do_one_initcall+0x94/0x164) from [&lt;c04f27f8&gt;] (kernel_init+0xe4/0x                                                                                        1ac)
[&lt;c04f27f8&gt;] (kernel_init+0xe4/0x1ac) from [&lt;c000eb24&gt;] (kernel_thread_exit+0x0/                                                                                        0x8)
---[ end trace 1b75b31a2719ed1c ]---
hw-breakpoint: found 5 (+1 reserved) breakpoint and 1 watchpoint registers.
hw-breakpoint: halting debug mode enabled. Assuming maximum watchpoint size of 4                                                                                         bytes.
MIO pin 47 not assigned(00001220)
xslcr xslcr.0: at 0xF8000000 mapped to 0xF8000000
bio: create slab &lt;bio-0&gt; at 0
vgaarb: loaded
SCSI subsystem initialized
usbcore: registered new interface driver usbfs
usbcore: registered new interface driver hub
usbcore: registered new device driver usb
Switching to clocksource xttcpss_timer1
NET: Registered protocol family 2
TCP established hash table entries: 131072 (order: 8, 1048576 bytes)
TCP bind hash table entries: 65536 (order: 6, 262144 bytes)
TCP: Hash tables configured (established 131072 bind 65536)
TCP: reno registered
UDP hash table entries: 512 (order: 1, 8192 bytes)
UDP-Lite hash table entries: 512 (order: 1, 8192 bytes)
NET: Registered protocol family 1
RPC: Registered named UNIX socket transport module.
RPC: Registered udp transport module.
RPC: Registered tcp transport module.
RPC: Registered tcp NFSv4.1 backchannel transport module.
pl330 dev 0 probe success
bounce pool size: 64 pages
jffs2: version 2.2. (NAND) (SUMMARY)  &#194;&#169; 2001-2006 Red Hat, Inc.
msgmni has been set to 1482
io scheduler noop registered
io scheduler deadline registered
io scheduler cfq registered (default)
e0001000.serial: ttyPS1 at MMIO 0xe0001000 (irq = 82) is a xuartps
xdevcfg f8007000.ps7-dev-cfg: ioremap f8007000 to f005c000 with size 1000
brd: module loaded
loop: module loaded
xqspips e000d000.ps7-qspi: master is unqueued, this is deprecated
xqspips e000d000.ps7-qspi: at 0xE000D000 mapped to 0xF005E000, irq=51
vcan: Virtual CAN interface driver
Unable to handle kernel paging request at virtual address 696c6978
pgd = c0004000
[696c6978] *pgd=00000000
Internal error: Oops: 5 [#1] PREEMPT ARM
Modules linked in:
CPU: 0    Tainted: G        W     (3.6.0-xilinx #4)
PC is at platform_match+0x50/0x8c
LR is at of_device_is_compatible+0x3c/0x6c
pc : [&lt;c01f7360&gt;]    lr : [&lt;c02e41cc&gt;]    psr: 20000013
sp : ee037f28  ip : 00000000  fp : 00000000
r10: 00000000  r9 : 00000000  r8 : 00000000
r7 : ee06ec00  r6 : ee06ec08  r5 : c05417c4  r4 : 696c6978
r3 : 00000000  r2 : c0d81788  r1 : 00000000  r0 : 00000000
Flags: nzCv  IRQs on  FIQs on  Mode SVC_32  ISA ARM  Segment kernel
Control: 18c5387d  Table: 00004059  DAC: 00000015
Process swapper (pid: 1, stack limit = 0xee0362e8)
Stack: (0xee037f28 to 0xee038000)
7f20:                   c01f7310 ee06ec08 c01f6310 c05417c4 00000000 c01f6330
7f40: c05417c4 c01f6310 00000000 c01f4868 ee00f54c ee0563f0 c05417c4 ee3698c0
7f60: c053a970 c01f5710 c04853a6 c04853a8 c05417c4 c050e458 c050e438 c05043c4
7f80: 00000000 c01f6808 00000006 c050e458 c050e438 c05043c4 00000000 00000000
7fa0: 00000000 c00086fc c05043c4 ee037f78 c0513508 00000007 00000006 c050e458
7fc0: c050e438 00000082 c0513434 c04f27f8 00000006 00000006 c04f2160 00000000
7fe0: 00000000 c04f2714 c000eb24 00000013 00000000 c000eb24 d4b6f66d 2b5173e6
[&lt;c01f7360&gt;] (platform_match+0x50/0x8c) from [&lt;c01f6330&gt;] (__driver_attach+0x20/                                                                                        0x84)
[&lt;c01f6330&gt;] (__driver_attach+0x20/0x84) from [&lt;c01f4868&gt;] (bus_for_each_dev+0x4                                                                                        8/0x74)
[&lt;c01f4868&gt;] (bus_for_each_dev+0x48/0x74) from [&lt;c01f5710&gt;] (bus_add_driver+0xbc                                                                                        /0x238)
[&lt;c01f5710&gt;] (bus_add_driver+0xbc/0x238) from [&lt;c01f6808&gt;] (driver_register+0x9c                                                                                        /0x12c)
[&lt;c01f6808&gt;] (driver_register+0x9c/0x12c) from [&lt;c00086fc&gt;] (do_one_initcall+0x9                                                                                        4/0x164)
[&lt;c00086fc&gt;] (do_one_initcall+0x94/0x164) from [&lt;c04f27f8&gt;] (kernel_init+0xe4/0x                                                                                        1ac)
[&lt;c04f27f8&gt;] (kernel_init+0xe4/0x1ac) from [&lt;c000eb24&gt;] (kernel_thread_exit+0x0/                                                                                        0x8)
Code: e3500000 05874150 0a000004 e2844018 (e5d43000)
---[ end trace 1b75b31a2719ed1d ]---
Kernel panic - not syncing: Attempted to kill init! exitcode=0x0000000b
</PRE>


<!--endarticle-->
    <HR>
    <P><UL>
        <!--threads-->
	
	<LI>Next message: <A HREF="002408.html">[Socketcan-users] socketcan
</A></li>
         <LI> <B>Messages sorted by:</B> 
              <a href="date.html#2407">[ date ]</a>
              <a href="thread.html#2407">[ thread ]</a>
              <a href="subject.html#2407">[ subject ]</a>
              <a href="author.html#2407">[ author ]</a>
         </LI>
       </UL>

<hr>
<a href="https://lists.berlios.de/mailman/listinfo/socketcan-users">More information about the Socketcan-users
mailing list</a><br>
</body></html>
